// Vitest Snapshot v1, https://vitest.dev/guide/snapshot.html

exports[`Test the App successfully > Should matches the snapshot 1`] = `
<div>
  <div>
    <h1>
      Hello world!
    </h1>
  </div>
</div>
`;
